=== XV hub cvin-sc :: step=06b_cv2x_compile ===
UTC time : 2026-09-25T05:19:29Z
command  : npx hardhat compile
cwd      : /c/Users/nikhilp/Desktop/CVIN-2026-Sanbox1_v6/toolchain/runs/hub-cvin-sc/implementation/cv2x-testbed
node -v  : v18.20.4
npm -v   : 10.7.0
node path: /c/Users/nikhilp/Desktop/CVIN-2026-Sanbox1_v6/toolchain/node-v18.20.4-win-x64/node
source   : C:/Users/nikhilp/Desktop/CVIN-2026-repoPrep/cvin-sc-0 (copied to runs/hub-cvin-sc)
=== output ===
[33m[1mWARNING:[22m[39m You are currently using Node.js v18.20.4, which is not supported by Hardhat. This can lead to unexpected behavior. See https://v2.hardhat.org/nodejs-versions


Downloading compiler 0.8.20
[1m[33mWarning:[39m[22m This declaration shadows an existing declaration.
   --> contracts/ERC1056Registry.sol:311:9:
    |
311 |         bool isRevoked,
    |         ^^^^^^^^^^^^^^
Note: The shadowed declaration is here:
  --> contracts/ERC1056Registry.sol:83:5:
   |
83 |     function isRevoked(address identity) public view returns (bool) {
   |     ^ (Relevant source part starts here and spans across multiple lines).


Compiled 3 Solidity files successfully (evm target: paris).
=== exit code: 0 ===
